python : INFO:__main__:Attempting to fetch transaction data...
En línea: 1 Carácter: 1
+ python test_phase2_rigor.py > test_output.txt 2>&1 ; cat 
test_output. ...
+ ~~~~~~~~~~~~~~~~~~~~~~~~~~~~~~~~~~~~~~~~~~~~~~~~~~
    + CategoryInfo          : NotSpecified: (INFO:__main__:A...sact 
   ion data...:String) [], RemoteException
    + FullyQualifiedErrorId : NativeCommandError
 
INFO:whaletracker.src.qdn.pipeline:Fetching SEC Form 4 filings...
INFO:whaletracker.src.qdn.data.sec_connector:Fetching Form 4 
filings from 2025-08-19 to 2026-02-15
INFO:httpx:HTTP Request: GET https://efts.sec.gov/LATEST/search-inde
x?q=%22form-type%22%3A%224%22&dateRange=custom&startdt=2025-08-19&en
ddt=2026-02-15&from=0&size=100 "HTTP/1.1 200 OK"
INFO:whaletracker.src.qdn.data.sec_connector:Found 0 Form 4 filing 
URLs
WARNING:whaletracker.src.qdn.data.sec_connector:No transactions 
parsed from filings
INFO:whaletracker.src.qdn.pipeline:Fetching congressional trading 
data...
INFO:httpx:HTTP Request: GET https://senate-stock-watcher-data.s3-us
-west-2.amazonaws.com/aggregate/all_transactions.json "HTTP/1.1 403 
Forbidden"
ERROR:whaletracker.src.qdn.data.senate_connector:Failed to fetch 
senate data: Client error '403 Forbidden' for url 'https://senate-st
ock-watcher-data.s3-us-west-2.amazonaws.com/aggregate/all_transactio
ns.json'
For more information check: 
https://developer.mozilla.org/en-US/docs/Web/HTTP/Status/403
INFO:httpx:HTTP Request: GET https://house-stock-watcher-data.s3-us-
west-2.amazonaws.com/data/all_transactions.json "HTTP/1.1 403 
Forbidden"
ERROR:whaletracker.src.qdn.data.senate_connector:Failed to fetch 
house data: Client error '403 Forbidden' for url 'https://house-stoc
k-watcher-data.s3-us-west-2.amazonaws.com/data/all_transactions.json
'
For more information check: 
https://developer.mozilla.org/en-US/docs/Web/HTTP/Status/403
WARNING:whaletracker.src.qdn.data.senate_connector:No congressional 
data fetched
ERROR:whaletracker.src.qdn.pipeline:No data fetched from any source
WARNING:__main__:Real data fetch failed (No real transactions 
found). Using synthetic data.
INFO:__main__:Processing 50 transactions for verification...
INFO:__main__:Step 3: Computing features and Triple Barrier labels 
(Offline)...
INFO:whaletracker.src.qdn.pipeline:Computing features and labels...
INFO:whaletracker.src.qdn.pipeline:Processing 5 unique tickers
INFO:whaletracker.src.qdn.pipeline:Fetching company info: 0/5
INFO:whaletracker.src.qdn.pipeline:Fetching market data: 0/5
INFO:whaletracker.src.qdn.pipeline:Applying Triple Barrier 
labeling...
INFO:whaletracker.src.qdn.labeling.triple_barrier:Triple Barrier: 
50 events ù Win: 27 (54%), Loss: 23 (46%), Timeout: 0 (0%)
INFO:whaletracker.src.qdn.labeling.triple_barrier:  Avg return: 
5.46%,   Median: 4.70%
INFO:whaletracker.src.qdn.labeling.triple_barrier:  Barrier types: 
Upper=9, Lower=11, Vertical=30
INFO:whaletracker.src.qdn.pipeline:Pipeline complete: 50 samples, 
30 features
INFO:__main__:Labeled 50 events.
INFO:__main__:Sample weights stats: mean=1.00, min=0.69
INFO:__main__:Barrier Outcomes:
vertical    30
lower       11
upper        9
Name: count, dtype: int64
INFO:__main__:
Step 5: Running Purged K-Fold CV...
INFO:whaletracker.src.qdn.labeling.purged_kfold:Fold 1/3: train=34, 
test=16, purged=0, embargoed=0
Running Purged K-Fold CV
============================================================

Fold 1: Train: 34 | Test: 16 | Purged: 0
Traceback (most recent call last):
  File "C:\Users\Artur\mirror\test_phase2_rigor.py", line 162, in 
<module>
    run_phase2_verification()
  File "C:\Users\Artur\mirror\test_phase2_rigor.py", line 133, in 
run_phase2_verification
    pkf_result = backtester.run(
                 ^^^^^^^^^^^^^^^
  File 
"C:\Users\Artur\mirror\whaletracker\src\qdn\walk_forward.py", line 
351, in run
    print("  \u26a0 Skipping: too few train samples")
  File "C:\Python312\Lib\encodings\cp1252.py", line 19, in encode
    return 
codecs.charmap_encode(input,self.errors,encoding_table)[0]
           ^^^^^^^^^^^^^^^^^^^^^^^^^^^^^^^^^^^^^^^^^^^^^^^^^^^^^^^
UnicodeEncodeError: 'charmap' codec can't encode character '\u26a0' 
in position 2: character maps to <undefined>
